---
source: tests/integration_tests/help.rs
info:
  program: wt
  args:
    - merge
    - "--help"
  env:
    CLICOLOR_FORCE: "1"
    COLUMNS: "150"
    GIT_EDITOR: ""
    SOURCE_DATE_EPOCH: "1735776000"
    WORKTRUNK_CONFIG_PATH: /nonexistent/test/config.toml
---
success: true
exit_code: 0
----- stdout -----

----- stderr -----
wt merge - Merge worktree into target branch
Usage: [1m[36mwt merge[0m [36m[OPTIONS][0m [36m[TARGET][0m

[1m[32mArguments:[0m
  [36m[TARGET][0m
          Target branch[0m
          [0m
          Defaults to default branch.[0m

[1m[32mOptions:[0m
      [1m[36m--no-squash[0m
          Skip commit squashing

      [1m[36m--no-commit[0m
          Skip commit, squash, and rebase

      [1m[36m--no-remove[0m
          Keep worktree after merge

      [1m[36m--no-verify[0m
          Skip all project hooks

  [1m[36m-f[0m, [1m[36m--force[0m
          Skip approval prompts

      [1m[36m--stage[0m[36m [0m[36m<STAGE>[0m
          What to stage before committing [default: all]

          Possible values:
          - [1m[36mall[0m:     Stage everything: untracked files + unstaged tracked changes
          - [1m[36mtracked[0m: Stage tracked changes only (like [1mgit add -u[0m)
          - [1m[36mnone[0m:    Stage nothing, commit only what's already in the index

  [1m[36m-h[0m, [1m[36m--help[0m
          Print help (see a summary with '-h')

[1m[32mGlobal Options:[0m
  [1m[36m-C[0m[36m [0m[36m<path>[0m
          Working directory for this command

      [1m[36m--config[0m[36m [0m[36m<path>[0m
          User config file path

  [1m[36m-v[0m, [1m[36m--verbose[0m
          Show commands and debug info

[32mOperation[0m

Commit → Squash → Rebase → Pre-merge hooks → Push → Cleanup → Post-merge hooks

[1mCommit[0m

Uncommitted changes are staged and committed with LLM commit message.
Use [2m--stage=tracked[0m to stage only tracked files, or [2m--stage=none[0m to commit only what's already staged.

[1mSquash[0m

Multiple commits are squashed into one (like GitHub's "Squash and merge") with LLM commit message.
Skip with [2m--no-squash[0m. Safety backup: [2mgit reflog show refs/wt-backup/<branch>[0m

[1mRebase[0m

Branch is rebased onto target. Conflicts abort the merge immediately.

[1mHooks[0m

Pre-merge commands run after rebase (failures abort). Post-merge commands
run after cleanup (failures logged). Skip all with [2m--no-verify[0m.

[1mPush[0m

Fast-forward push to local target branch. Non-fast-forward pushes are rejected.

[1mCleanup[0m

Worktree and branch are removed. Skip with [2m--no-remove[0m.

[1mTemplate variables:[0m [2m{{ repo }}[0m, [2m{{ branch }}[0m, [2m{{ worktree }}[0m, [2m{{ repo_root }}[0m, [2m{{ target }}[0m

[1mSecurity:[0m Commands from project hooks require approval on first run.
Approvals are saved to user config. Use [2m--force[0m to bypass prompts.
See [2mwt config approvals --help[0m.

[32mExamples[0m

Basic merge to main:

  [2mwt merge[0m

Merge without squashing:

  [2mwt merge --no-squash[0m

Keep worktree after merging:

  [2mwt merge --no-remove[0m

Skip all hooks:

  [2mwt merge --no-verify[0m
