---
source: tests/integration_tests/list.rs
info:
  program: wt
  args:
    - list
    - "--format=json"
  env:
    APPDATA: "[TEST_CONFIG_HOME]"
    CLICOLOR_FORCE: "1"
    COLUMNS: "150"
    GIT_AUTHOR_DATE: "2025-01-01T00:00:00Z"
    GIT_COMMITTER_DATE: "2025-01-01T00:00:00Z"
    GIT_CONFIG_GLOBAL: "[TEST_GIT_CONFIG]"
    GIT_CONFIG_SYSTEM: /dev/null
    GIT_EDITOR: ""
    GIT_TERMINAL_PROMPT: "0"
    HOME: "[TEST_HOME]"
    LANG: C
    LC_ALL: C
    PATH: "[PATH]"
    RUST_LOG: warn
    SOURCE_DATE_EPOCH: "1735776000"
    USERPROFILE: "[TEST_HOME]"
    WORKTRUNK_CONFIG_PATH: "[TEST_CONFIG]"
    WORKTRUNK_TEST_SKIP_URL_HEALTH_CHECK: "1"
    XDG_CONFIG_HOME: "[TEST_CONFIG_HOME]"
---
success: true
exit_code: 0
----- stdout -----
[
  {
    "branch": "main",
    "path": "_REPO_",
    "kind": "worktree",
    "commit": {
      "sha": "4803e9416c19681b83017135ac3a8c1b04898868",
      "short_sha": "4803e94",
      "message": "Main commit 2",
      "timestamp": 1735689600
    },
    "working_tree": {
      "staged": false,
      "modified": false,
      "untracked": false,
      "renamed": false,
      "deleted": false,
      "diff": {
        "added": 0,
        "deleted": 0
      },
      "diff_vs_main": {
        "added": 0,
        "deleted": 0
      }
    },
    "main_state": "is_main",
    "worktree": {
      "detached": false
    },
    "is_main": true,
    "is_current": true,
    "is_previous": false,
    "statusline": "main  /u001b[2m^/u001b[22m",
    "symbols": "^"
  },
  {
    "branch": "feature-ahead",
    "path": "_REPO_.feature-ahead",
    "kind": "worktree",
    "commit": {
      "sha": "1080181c245695ed0d64aba6b0b0b7c0bfff9530",
      "short_sha": "1080181",
      "message": "Feature commit 2",
      "timestamp": 1735689600
    },
    "working_tree": {
      "staged": false,
      "modified": true,
      "untracked": true,
      "renamed": false,
      "deleted": false,
      "diff": {
        "added": 1,
        "deleted": 1
      }
    },
    "main_state": "diverged",
    "main": {
      "ahead": 2,
      "behind": 2
    },
    "worktree": {
      "detached": false
    },
    "is_main": false,
    "is_current": false,
    "is_previous": false,
    "statusline": "feature-ahead  /u001b[36m!/u001b[39m/u001b[36m?/u001b[39m/u001b[2m↕/u001b[22m  @/u001b[32m+1/u001b[0m /u001b[31m-1/u001b[0m  /u001b[32m↑2/u001b[0m /u001b[2m/u001b[31m↓2/u001b[0m",
    "symbols": "!?↕"
  },
  {
    "branch": "feature-behind",
    "path": "_REPO_.feature-behind",
    "kind": "worktree",
    "commit": {
      "sha": "b8b9f4453f95a585105de3ae3439d8017dee67f3",
      "short_sha": "b8b9f44",
      "message": "Initial commit on main",
      "timestamp": 1735689600
    },
    "working_tree": {
      "staged": false,
      "modified": false,
      "untracked": false,
      "renamed": false,
      "deleted": false,
      "diff": {
        "added": 0,
        "deleted": 0
      }
    },
    "main_state": "integrated",
    "integration_reason": "ancestor",
    "main": {
      "ahead": 0,
      "behind": 2
    },
    "worktree": {
      "detached": false
    },
    "is_main": false,
    "is_current": false,
    "is_previous": false,
    "statusline": "feature-behind  /u001b[2m⊂/u001b[22m  /u001b[2m/u001b[31m↓2/u001b[0m",
    "symbols": "⊂"
  }
]

----- stderr -----
