---
source: tests/integration_tests/configure_shell.rs
expression: "output.trim_start_matches('\\n')"
---

❯ Install shell integration? [y/N/?] 
✓ Added shell extension & completions for zsh @ ~/.zshrc
↳ Skipped bash; ~/.bashrc not found
↳ Skipped fish; ~/.config/fish/functions not found
✓ Configured 1 shell
▲ Completions require compinit; add to ~/.zshrc before the wt line:
  autoload -Uz compinit && compinit
↳ Restart shell to activate shell integration
