---
source: tests/integration_tests/config_list.rs
info:
  program: wt
  args:
    - config
    - list
  env:
    CLICOLOR_FORCE: "1"
    GIT_AUTHOR_DATE: "2025-01-01T00:00:00Z"
    GIT_COMMITTER_DATE: "2025-01-01T00:00:00Z"
    GIT_CONFIG_GLOBAL: /dev/null
    GIT_CONFIG_SYSTEM: /dev/null
    GIT_EDITOR: ""
    HOME: /var/folders/wf/s6ycxvvs4ln8qsdbfx40hnc40000gn/T/.tmp8ZWNvA
    LANG: C
    LC_ALL: C
    SOURCE_DATE_EPOCH: "1704067200"
---
success: true
exit_code: 0
----- stdout -----
Global Config: [1m[TEMP_HOME]/.config/worktrunk/config.toml[0m
  worktree-path = [32m"../{main-worktree}.{branch}"[0m
  
  [1m[36m[[approved-commands]][0m
  project = [32m"test-project"[0m
  command = [32m"npm install"[0m

Project Config: [1m[REPO]/.config/wt.toml[0m
  post-create-command = [32m"npm install"[0m
  
  [1m[36m[post-start-command][0m
  server = [32m"npm run dev"[0m

----- stderr -----
