---
source: tests/integration_tests/git_error_display.rs
expression: err.to_string()
---
❌ [31mAmbiguous: [1m/tmp/repo.feature[22m has a worktree on a different branch, but branch [1mfeature[22m exists @ [1m/tmp/repo.other[22m[39m

💡 [2mUse [90mwt list[39m to see worktree-branch mappings[22m
